// Jest Snapshot v1, https://goo.gl/fbAQLP

exports[`ButtonIconFilter should match snapshot Component 1`] = `
.emotion-0 {
  padding: 6.4px 28px;
  border-radius: 6px;
  background-color: #E6E6E6;
  box-shadow: 3px 3px 0px 0px #000000;
  border: 0.6px solid #090808;
  -webkit-transition: box-shadow .2s ease;
  transition: box-shadow .2s ease;
}

.emotion-0:hover {
  box-shadow: 3px 3px 0px 0px #FFCF32;
  border: 1px solid #FFCF32;
  background-color: transparent;
  outline: none;
}

.emotion-0:active,
.emotion-0:focus {
  background-color: #FFCF32;
  box-shadow: 3px 3px 0px 0px #000000;
  border: 1px solid #000000;
}

<div>
  <button
    class="emotion-0"
  >
    <test-file-stub
      aria-hidden="true"
      classname="MuiSvgIcon-root MuiSvgIcon-fontSizeMedium css-1v8usww-MuiSvgIcon-root"
      focusable="false"
    />
  </button>
</div>
`;
